TX 00 00 
RX 00 00 001700010000000100
TX 00 01 01
RX 00 01 0001054649303139
TX 00 01 02
RX 00 01 00020a33333332313337363730
# model=FI019 serial=3332137670 addr=FA:AB:BC:11:6F:D2
TX 00 02 04
RX 00 02 00040002012800000000
# info04_baseline_ready=0x01 q_like=40
TX 00 02 04
RX 00 02 00040002012800000000
TX 00 02 04
RX 00 02 00040002012800000000
TX 00 02 04
RX 00 02 00040002012800000000
TX 00 02 04
RX 00 02 00040002012800000000
TX 00 02 04
RX 00 02 00040002012800000000
TX 00 02 04
RX 00 02 00040002012800000000
TX 00 02 04
RX 00 02 00040002012800000000
TX 00 02 04
RX 00 02 00040002012800000000
TX 00 02 04
RX 00 02 00040002012800000000
TX 00 02 04
RX 00 02 00040002012800000000
TX 00 02 04
RX 00 02 00040002012800000000
TX 00 02 04
RX 00 02 00040002012800000000
TX 00 02 04
RX 00 02 00040002012800000000
TX 00 02 04
RX 00 02 00040002012900000000
# info04_edge ready 0x01->0x01 q_like 40->41
# ready_flag=0x01 info04=00040002012900000000
# probe_seq=80:00,80:01,83:01,83:02,83:02,83:02
TX 80 00 00000000
RX 80 00 00
TX 00 02 01
RX 00 02 000103340000
TX 00 02 02
RX 00 02 00023000021400000000
TX 00 02 03
RX 00 02 00030000003c00000011
TX 00 02 04
RX 00 02 00040000012900000000
TX 00 02 05
RX 00 02 000500000079
TX 80 01 00000000
RX 80 01 00000000000000000000
TX 00 02 01
RX 00 02 000103340000
TX 00 02 02
RX 00 02 00023000021400000000
TX 00 02 03
RX 00 02 00030000003c00000011
TX 00 02 04
RX 00 02 00040000012900000000
TX 00 02 05
RX 00 02 000500000079
TX 83 01 00000000
RX 83 01 0000000000
TX 00 02 01
RX 00 02 000103340000
TX 00 02 02
RX 00 02 00023000021400000000
TX 00 02 03
RX 00 02 00030000003c00000011
TX 00 02 04
RX 00 02 00040000012900000000
TX 00 02 05
RX 00 02 000500000079
TX 83 02 00000000
RX 83 02 00
TX 00 02 01
RX 00 02 000103340000
TX 00 02 02
RX 00 02 00023000021400000000
TX 00 02 03
RX 00 02 00030000003c00000011
TX 00 02 04
RX 00 02 00040000012900000000
TX 00 02 05
RX 00 02 000500000079
TX 83 02 00000000
RX 83 02 00
TX 00 02 01
RX 00 02 000103340000
TX 00 02 02
RX 00 02 00023000021400000000
TX 00 02 03
RX 00 02 00030000003c00000011
TX 00 02 04
RX 00 02 00040000012900000000
TX 00 02 05
RX 00 02 000500000079
TX 83 02 00000000
RX 83 02 00
TX 00 02 01
RX 00 02 000103340000
TX 00 02 02
RX 00 02 00023000021400000000
TX 00 02 03
RX 00 02 00030000003c00000011
TX 00 02 04
RX 00 02 00040000012900000000
TX 00 02 05
RX 00 02 000500000079
# probe_only_complete
