TX 00 00 
RX 00 00 001700010000000100
TX 00 01 01
RX 00 01 0001054649303139
TX 00 01 02
RX 00 01 00020a33333332313337363730
# model=FI019 serial=3332137670 addr=FA:AB:BC:11:6F:D2
TX 00 02 04
RX 00 02 00040002011400000000
# info04_baseline_ready=0x01 q_like=20
TX 00 02 04
RX 00 02 00040002011400000000
TX 00 02 04
RX 00 02 00040002011400000000
TX 00 02 04
RX 00 02 00040002011400000000
TX 00 02 04
RX 00 02 00040002011400000000
TX 00 02 04
RX 00 02 00040002011400000000
TX 00 02 04
RX 00 02 00040002011400000000
TX 00 02 04
RX 00 02 00040002011400000000
TX 00 02 04
RX 00 02 00040002011400000000
TX 00 02 04
RX 00 02 00040002011400000000
TX 00 02 04
RX 00 02 00040002011400000000
TX 00 02 04
RX 00 02 00040002011400000000
TX 00 02 04
RX 00 02 00040002011400000000
TX 00 02 04
RX 00 02 00040002011500000000
# info04_edge ready 0x01->0x01 q_like 20->21
# ready_flag=0x01 info04=00040002011500000000
# probe_op1=0x83 op2s=0x00,0x01,0x02,0x03,0x04,0x05,0x06,0x07,0x08,0x09,0x0a,0x0b,0x0c,0x0d,0x0e,0x0f,0x10,0x11,0x12,0x13,0x14,0x15,0x16,0x17,0x18,0x19,0x1a,0x1b,0x1c,0x1d,0x1e,0x1f
TX 83 00 00000000
RX 83 00 81
TX 83 01 00000000
RX 83 01 0000000000
TX 83 02 00000000
RX 83 02 00
TX 83 03 00000000
RX 83 03 80
TX 83 04 00000000
RX 83 04 80
TX 83 05 00000000
RX 83 05 80
TX 83 06 00000000
RX 83 06 80
TX 83 07 00000000
RX 83 07 80
TX 83 08 00000000
RX 83 08 80
TX 83 09 00000000
RX 83 09 80
TX 83 0a 00000000
RX 83 0a 80
TX 83 0b 00000000
RX 83 0b 80
TX 83 0c 00000000
RX 83 0c 80
TX 83 0d 00000000
RX 83 0d 80
TX 83 0e 00000000
RX 83 0e 80
TX 83 0f 00000000
RX 83 0f 80
TX 83 10 00000000
RX 83 10 80
TX 83 11 00000000
RX 83 11 80
TX 83 12 00000000
RX 83 12 80
TX 83 13 00000000
RX 83 13 80
TX 83 14 00000000
RX 83 14 80
TX 83 15 00000000
RX 83 15 80
TX 83 16 00000000
RX 83 16 80
TX 83 17 00000000
RX 83 17 80
TX 83 18 00000000
RX 83 18 80
TX 83 19 00000000
RX 83 19 80
TX 83 1a 00000000
RX 83 1a 80
TX 83 1b 00000000
RX 83 1b 80
TX 83 1c 00000000
RX 83 1c 80
TX 83 1d 00000000
RX 83 1d 80
TX 83 1e 00000000
RX 83 1e 80
TX 83 1f 00000000
RX 83 1f 80
# probe_only_complete
