TX 00 00 
RX 00 00 001700010000000100
TX 00 01 01
RX 00 01 0001054649303139
TX 00 01 02
RX 00 01 00020a33333332313337363730
# model=FI019 serial=3332137670 addr=FA:AB:BC:11:6F:D2
TX 00 02 04
RX 00 02 00040002013400000000
# info04_baseline_ready=0x01 q_like=52
TX 00 02 04
RX 00 02 00040002013400000000
TX 00 02 04
RX 00 02 00040002013400000000
TX 00 02 04
RX 00 02 00040002013400000000
TX 00 02 04
RX 00 02 00040002013400000000
TX 00 02 04
RX 00 02 00040002013400000000
TX 00 02 04
RX 00 02 00040002013400000000
TX 00 02 04
RX 00 02 00040002013400000000
TX 00 02 04
RX 00 02 00040002013400000000
TX 00 02 04
RX 00 02 00040002013400000000
TX 00 02 04
RX 00 02 00040002013400000000
TX 00 02 04
RX 00 02 00040002013500000000
# info04_edge ready 0x01->0x01 q_like 52->53
# ready_flag=0x01 info04=00040002013500000000
# probe_seq=81:00@00000000,81:01@00000001,81:01@ffffffff,81:01@00000002,81:03@00000000,83:01@00000000,83:02@00000000,83:02@00000000,83:02@00000000
TX 81 00 00000000
RX 81 00 0008000000000000000000000000000000000000000000000000
TX 00 02 01
RX 00 02 000103300000
TX 00 02 02
RX 00 02 00023000021400000000
TX 00 02 03
RX 00 02 00030000003c00000011
TX 00 02 04
RX 00 02 00040002013500000000
TX 00 02 05
RX 00 02 000500000079
TX 81 01 00000001
RX 81 01 000200007b0800000710
TX 00 02 01
RX 00 02 000103300000
TX 00 02 02
RX 00 02 00023000021400000000
TX 00 02 03
RX 00 02 00030000003c00000011
TX 00 02 04
RX 00 02 00040002013500000000
TX 00 02 05
RX 00 02 000500000079
TX 81 01 ffffffff
RX 81 01 81
TX 00 02 01
RX 00 02 000103300000
TX 00 02 02
RX 00 02 00023000021400000000
TX 00 02 03
RX 00 02 00030000003c00000011
TX 00 02 04
RX 00 02 00040002013500000000
TX 00 02 05
RX 00 02 000500000079
TX 81 01 00000002
RX 81 01 000200007b0800000710
TX 00 02 01
RX 00 02 000103300000
TX 00 02 02
RX 00 02 00023000021400000000
TX 00 02 03
RX 00 02 00030000003c00000011
TX 00 02 04
RX 00 02 00040002013500000000
TX 00 02 05
RX 00 02 000500000079
TX 81 03 00000000
RX 81 03 00
TX 00 02 01
RX 00 02 000103300000
TX 00 02 02
RX 00 02 00023000021400000000
TX 00 02 03
RX 00 02 00030000003c00000011
TX 00 02 04
RX 00 02 00040002013500000000
TX 00 02 05
RX 00 02 000500000079
TX 83 01 00000000
RX 83 01 0000000000
TX 00 02 01
RX 00 02 000103300000
TX 00 02 02
RX 00 02 00023000021400000000
TX 00 02 03
RX 00 02 00030000003c00000011
TX 00 02 04
RX 00 02 00040002013500000000
TX 00 02 05
RX 00 02 000500000079
TX 83 02 00000000
RX 83 02 00
TX 00 02 01
RX 00 02 000103300000
TX 00 02 02
RX 00 02 00023000021400000000
TX 00 02 03
RX 00 02 00030000003c00000011
TX 00 02 04
RX 00 02 00040002013500000000
TX 00 02 05
RX 00 02 000500000079
TX 83 02 00000000
RX 83 02 00
TX 00 02 01
RX 00 02 000103300000
TX 00 02 02
RX 00 02 00023000021400000000
TX 00 02 03
RX 00 02 00030000003c00000011
TX 00 02 04
RX 00 02 00040002013500000000
TX 00 02 05
RX 00 02 000500000079
TX 83 02 00000000
RX 83 02 00
TX 00 02 01
RX 00 02 000103300000
TX 00 02 02
RX 00 02 00023000021400000000
TX 00 02 03
RX 00 02 00030000003c00000011
TX 00 02 04
RX 00 02 00040002013500000000
TX 00 02 05
RX 00 02 000500000079
# probe_only_complete
