TX 00 00 
RX 00 00 001700010000000100
TX 00 01 01
RX 00 01 0001054649303139
TX 00 01 02
RX 00 01 00020a33333332313337363730
# model=FI019 serial=3332137670 addr=FA:AB:BC:11:6F:D2
TX 00 02 04
RX 00 02 00040002012400000000
# info04_baseline_ready=0x01 q_like=36
TX 00 02 04
RX 00 02 00040002012400000000
TX 00 02 04
RX 00 02 00040002012400000000
TX 00 02 04
RX 00 02 00040002012400000000
TX 00 02 04
RX 00 02 00040002012400000000
TX 00 02 04
RX 00 02 00040002012400000000
TX 00 02 04
RX 00 02 00040002012400000000
TX 00 02 04
RX 00 02 00040002012500000000
# info04_edge ready 0x01->0x01 q_like 36->37
# ready_flag=0x01 info04=00040002012500000000
# probe_83_staged idx=0..8 repeat_02=4
TX 83 01 00000000
RX 83 01 0000000000
TX 83 02 00000000
RX 83 02 00
TX 83 02 00000000
RX 83 02 00
TX 83 02 00000000
RX 83 02 00
TX 83 02 00000000
RX 83 02 00
TX 83 01 00000001
RX 83 01 0000000001
TX 83 02 00000001
RX 83 02 00
TX 83 02 00000001
RX 83 02 00
TX 83 02 00000001
RX 83 02 00
TX 83 02 00000001
RX 83 02 00
TX 83 01 00000002
RX 83 01 0000000002
TX 83 02 00000002
RX 83 02 00
TX 83 02 00000002
RX 83 02 00
TX 83 02 00000002
RX 83 02 00
TX 83 02 00000002
RX 83 02 00
TX 83 01 00000003
RX 83 01 0000000003
TX 83 02 00000003
RX 83 02 00
TX 83 02 00000003
RX 83 02 00
TX 83 02 00000003
RX 83 02 00
TX 83 02 00000003
RX 83 02 00
TX 83 01 00000004
RX 83 01 0000000004
TX 83 02 00000004
RX 83 02 00
TX 83 02 00000004
RX 83 02 00
TX 83 02 00000004
RX 83 02 00
TX 83 02 00000004
RX 83 02 00
TX 83 01 00000005
RX 83 01 0000000005
TX 83 02 00000005
RX 83 02 00
TX 83 02 00000005
RX 83 02 00
TX 83 02 00000005
RX 83 02 00
TX 83 02 00000005
RX 83 02 00
TX 83 01 00000006
RX 83 01 0000000006
TX 83 02 00000006
RX 83 02 00
TX 83 02 00000006
RX 83 02 00
TX 83 02 00000006
RX 83 02 00
TX 83 02 00000006
RX 83 02 00
TX 83 01 00000007
RX 83 01 0000000007
TX 83 02 00000007
RX 83 02 00
TX 83 02 00000007
RX 83 02 00
TX 83 02 00000007
RX 83 02 00
TX 83 02 00000007
RX 83 02 00
TX 83 01 00000008
RX 83 01 0000000008
TX 83 02 00000008
RX 83 02 00
TX 83 02 00000008
RX 83 02 00
TX 83 02 00000008
RX 83 02 00
TX 83 02 00000008
RX 83 02 00
# probe_only_complete
