TX 00 00 
RX 00 00 001700010000000100
TX 00 01 01
RX 00 01 0001054649303139
TX 00 01 02
RX 00 01 00020a33333332313337363730
# model=FI019 serial=3332137670 addr=FA:AB:BC:11:6F:D2
TX 00 02 04
RX 00 02 00040002010700000000
# info04_baseline_ready=0x01 q_like=7
TX 00 02 04
RX 00 02 00040002010700000000
TX 00 02 04
RX 00 02 00040002010700000000
TX 00 02 04
RX 00 02 00040002010700000000
TX 00 02 04
RX 00 02 00040002010700000000
TX 00 02 04
RX 00 02 00040002010700000000
TX 00 02 04
RX 00 02 00040002010700000000
TX 00 02 04
RX 00 02 00040002010700000000
TX 00 02 04
RX 00 02 00040002010700000000
TX 00 02 04
RX 00 02 00040002010700000000
TX 00 02 04
RX 00 02 00040002010700000000
TX 00 02 04
RX 00 02 00040002010700000000
TX 00 02 04
RX 00 02 00040002010700000000
TX 00 02 04
RX 00 02 00040002010700000000
TX 00 02 04
RX 00 02 00040002010700000000
TX 00 02 04
RX 00 02 00040002010700000000
TX 00 02 04
RX 00 02 00040002010700000000
TX 00 02 04
RX 00 02 00040002010700000000
TX 00 02 04
RX 00 02 00040002010700000000
TX 00 02 04
RX 00 02 00040002010700000000
TX 00 02 04
RX 00 02 00040002010700000000
TX 00 02 04
RX 00 02 00040002010700000000
TX 00 02 04
RX 00 02 00040002010700000000
TX 00 02 04
RX 00 02 00040002010700000000
TX 00 02 04
RX 00 02 00040002010700000000
TX 00 02 04
RX 00 02 00040002010700000000
TX 00 02 04
RX 00 02 00040002010700000000
TX 00 02 04
RX 00 02 00040002010700000000
TX 00 02 04
RX 00 02 00040002010700000000
TX 00 02 04
RX 00 02 00040002010700000000
TX 00 02 04
RX 00 02 00040002010700000000
TX 00 02 04
RX 00 02 00040002010700000000
TX 00 02 04
RX 00 02 00040002010700000000
TX 00 02 04
RX 00 02 00040002010800000000
# info04_edge ready 0x01->0x01 q_like 7->8
# ready_flag=0x01 info04=00040002010800000000
# probe_88_op2s=0x02
TX 88 02 00000000
# probe_88_02_error=TimeoutError:
# probe_only_complete
TX 88 03 
# teardown_close_8803_failed=TimeoutError:
TX 88 05 00000000
# teardown_close_8805_failed=TimeoutError:
