TX 00 00 
RX 00 00 001700010000000100
TX 00 01 01
RX 00 01 0001054649303139
TX 00 01 02
RX 00 01 00020a33333332313337363730
# model=FI019 serial=3332137670 addr=FA:AB:BC:11:6F:D2
TX 00 02 04
RX 00 02 00040002012600000000
# info04_baseline_ready=0x01 q_like=38
TX 00 02 04
RX 00 02 00040002012600000000
TX 00 02 04
RX 00 02 00040002012600000000
TX 00 02 04
RX 00 02 00040002012600000000
TX 00 02 04
RX 00 02 00040002012600000000
TX 00 02 04
RX 00 02 00040002012600000000
TX 00 02 04
RX 00 02 00040002012600000000
TX 00 02 04
RX 00 02 00040002012600000000
TX 00 02 04
RX 00 02 00040002012600000000
TX 00 02 04
RX 00 02 00040002012600000000
TX 00 02 04
RX 00 02 00040002012600000000
TX 00 02 04
RX 00 02 00040002012700000000
# info04_edge ready 0x01->0x01 q_like 38->39
# ready_flag=0x01 info04=00040002012700000000
# probe_83_staged idx=0..2 repeat_02=2
TX 83 01 00000000
RX 83 01 0000000000
TX 00 02 01
RX 00 02 000103380000
TX 00 02 02
RX 00 02 00023000021400000000
TX 00 02 03
RX 00 02 00030000003c00000011
TX 00 02 04
RX 00 02 00040002012700000000
TX 00 02 05
RX 00 02 000500000079
TX 83 02 00000000
RX 83 02 00
TX 00 02 01
RX 00 02 000103380000
TX 00 02 02
RX 00 02 00023000021400000000
TX 00 02 03
RX 00 02 00030000003c00000011
TX 00 02 04
RX 00 02 00040002012700000000
TX 00 02 05
RX 00 02 000500000079
TX 83 02 00000000
RX 83 02 00
TX 00 02 01
RX 00 02 000103380000
TX 00 02 02
RX 00 02 00023000021400000000
TX 00 02 03
RX 00 02 00030000003c00000011
TX 00 02 04
RX 00 02 00040002012700000000
TX 00 02 05
RX 00 02 000500000079
TX 83 01 00000001
RX 83 01 0000000001
TX 00 02 01
RX 00 02 000103380000
TX 00 02 02
RX 00 02 00023000021400000000
TX 00 02 03
RX 00 02 00030000003c00000011
TX 00 02 04
RX 00 02 00040002012700000000
TX 00 02 05
RX 00 02 000500000079
TX 83 02 00000001
RX 83 02 00
TX 00 02 01
RX 00 02 000103380000
TX 00 02 02
RX 00 02 00023000021400000000
TX 00 02 03
RX 00 02 00030000003c00000011
TX 00 02 04
RX 00 02 00040002012700000000
TX 00 02 05
RX 00 02 000500000079
TX 83 02 00000001
RX 83 02 00
TX 00 02 01
RX 00 02 000103380000
TX 00 02 02
RX 00 02 00023000021400000000
TX 00 02 03
RX 00 02 00030000003c00000011
TX 00 02 04
RX 00 02 00040002012700000000
TX 00 02 05
RX 00 02 000500000079
TX 83 01 00000002
RX 83 01 0000000002
TX 00 02 01
RX 00 02 000103380000
TX 00 02 02
RX 00 02 00023000021400000000
TX 00 02 03
RX 00 02 00030000003c00000011
TX 00 02 04
RX 00 02 00040002012700000000
TX 00 02 05
RX 00 02 000500000079
TX 83 02 00000002
RX 83 02 00
TX 00 02 01
RX 00 02 000103380000
TX 00 02 02
RX 00 02 00023000021400000000
TX 00 02 03
RX 00 02 00030000003c00000011
TX 00 02 04
RX 00 02 00040002012700000000
TX 00 02 05
RX 00 02 000500000079
TX 83 02 00000002
RX 83 02 00
TX 00 02 01
RX 00 02 000103380000
TX 00 02 02
RX 00 02 00023000021400000000
TX 00 02 03
RX 00 02 00030000003c00000011
TX 00 02 04
RX 00 02 00040002012700000000
TX 00 02 05
RX 00 02 000500000079
# probe_only_complete
