TX 00 00 
RX 00 00 001700010000000100
TX 00 01 01
RX 00 01 0001054649303139
TX 00 01 02
RX 00 01 00020a33333332313337363730
# model=FI019 serial=3332137670 addr=FA:AB:BC:11:6F:D2
TX 00 02 04
RX 00 02 00040002011200000000
# info04_baseline_ready=0x01 q_like=18
TX 00 02 04
RX 00 02 00040002011200000000
TX 00 02 04
RX 00 02 00040002011200000000
TX 00 02 04
RX 00 02 00040002011200000000
TX 00 02 04
RX 00 02 00040002011200000000
TX 00 02 04
RX 00 02 00040002011200000000
TX 00 02 04
RX 00 02 00040002011300000000
# info04_edge ready 0x01->0x01 q_like 18->19
# ready_flag=0x01 info04=00040002011300000000
# probe_op1=0x83 op2s=0x01,0x06,0x07,0x08,0x09,0x0a,0x0b,0x02
TX 83 01 00000001
RX 83 01 0000000001
TX 83 06 00000001
RX 83 06 80
TX 83 07 00000001
RX 83 07 80
TX 83 08 00000001
RX 83 08 80
TX 83 09 00000001
RX 83 09 80
TX 83 0a 00000001
RX 83 0a 80
TX 83 0b 00000001
RX 83 0b 80
TX 83 02 00000001
RX 83 02 00
# probe_only_complete
