TX 00 00 
RX 00 00 001700010000000100
TX 00 01 01
RX 00 01 0001054649303139
TX 00 01 02
RX 00 01 00020a33333332313337363730
# model=FI019 serial=3332137670 addr=FA:AB:BC:11:6F:D2
TX 00 02 04
RX 00 02 00040002011a00000000
# info04_baseline_ready=0x01 q_like=26
TX 00 02 04
RX 00 02 00040002011a00000000
TX 00 02 04
RX 00 02 00040002011a00000000
TX 00 02 04
RX 00 02 00040002011a00000000
TX 00 02 04
RX 00 02 00040002011a00000000
TX 00 02 04
RX 00 02 00040002011b00000000
# info04_edge ready 0x01->0x01 q_like 26->27
# ready_flag=0x01 info04=00040002011b00000000
# probe_op1=0x83 op2s=0x01,0x02
TX 83 01 0000000000000001
RX 83 01 81
TX 83 02 0000000000000001
RX 83 02 00
# probe_only_complete
